
*** Running vivado
    with args -log design_1_register_16bit_6_0.vds -m64 -product Vivado -mode batch -messageDb vivado.pb -notrace -source design_1_register_16bit_6_0.tcl



****** Vivado v2024.2 (64-bit)
  **** SW Build 5239630 on Fri Nov 08 22:35:27 MST 2024
  **** IP Build 5239520 on Sun Nov 10 16:12:51 MST 2024
  **** SharedData Build 5239561 on Fri Nov 08 14:39:27 MST 2024
  **** Start of session at: Wed Nov 26 18:25:29 2025
    ** Copyright 1986-2022 Xilinx, Inc. All Rights Reserved.
    ** Copyright 2022-2024 Advanced Micro Devices, Inc. All Rights Reserved.

source design_1_register_16bit_6_0.tcl -notrace
create_project: Time (s): cpu = 00:00:07 ; elapsed = 00:00:09 . Memory (MB): peak = 369.789 ; gain = 68.531
INFO: [IP_Flow 19-234] Refreshing IP repositories
INFO: [IP_Flow 19-1700] Loaded user IP repository 'd:/coding/computer_organization/exp2nd/ip_repo'.
INFO: [IP_Flow 19-2313] Loaded Vivado IP repository 'E:/Xilinx/Vivado/2024.2/data/ip'.
Command: synth_design -top design_1_register_16bit_6_0 -part xc7z020clg400-1 -incremental_mode off -mode out_of_context
Starting synth_design
Attempting to get a license for feature 'Synthesis' and/or device 'xc7z020'
INFO: [Common 17-349] Got license for feature 'Synthesis' and/or device 'xc7z020'
INFO: [Device 21-403] Loading part xc7z020clg400-1
INFO: [Synth 8-7079] Multithreading enabled for synth_design using a maximum of 2 processes.
INFO: [Synth 8-7078] Launching helper process for spawning children vivado processes
INFO: [Synth 8-7075] Helper process launched with PID 18580
---------------------------------------------------------------------------------
Starting RTL Elaboration : Time (s): cpu = 00:00:16 ; elapsed = 00:00:18 . Memory (MB): peak = 1081.000 ; gain = 467.312
---------------------------------------------------------------------------------
INFO: [Synth 8-6157] synthesizing module 'design_1_register_16bit_6_0' [d:/coding/computer_organization/exp2nd/micro/project_1/project_1.gen/sources_1/bd/design_1/ip/design_1_register_16bit_6_0/synth/design_1_register_16bit_6_0.v:53]
INFO: [Synth 8-6157] synthesizing module 'register_16bit' [D:/coding/computer_organization/exp2nd/micro/exp3/16bit_reg.v:1]
INFO: [Synth 8-6155] done synthesizing module 'register_16bit' (0#1) [D:/coding/computer_organization/exp2nd/micro/exp3/16bit_reg.v:1]
INFO: [Synth 8-6155] done synthesizing module 'design_1_register_16bit_6_0' (0#1) [d:/coding/computer_organization/exp2nd/micro/project_1/project_1.gen/sources_1/bd/design_1/ip/design_1_register_16bit_6_0/synth/design_1_register_16bit_6_0.v:53]
---------------------------------------------------------------------------------
Finished RTL Elaboration : Time (s): cpu = 00:00:21 ; elapsed = 00:00:24 . Memory (MB): peak = 1191.105 ; gain = 577.418
---------------------------------------------------------------------------------
---------------------------------------------------------------------------------
Start Handling Custom Attributes
---------------------------------------------------------------------------------
---------------------------------------------------------------------------------
Finished Handling Custom Attributes : Time (s): cpu = 00:00:21 ; elapsed = 00:00:24 . Memory (MB): peak = 1191.105 ; gain = 577.418
---------------------------------------------------------------------------------
---------------------------------------------------------------------------------
Finished RTL Optimization Phase 1 : Time (s): cpu = 00:00:21 ; elapsed = 00:00:24 . Memory (MB): peak = 1191.105 ; gain = 577.418
---------------------------------------------------------------------------------
Netlist sorting complete. Time (s): cpu = 00:00:00 ; elapsed = 00:00:00.001 . Memory (MB): peak = 1191.105 ; gain = 0.000
INFO: [Project 1-570] Preparing netlist for logic optimization

Processing XDC Constraints
Initializing timing engine
Completed Processing XDC Constraints

Netlist sorting complete. Time (s): cpu = 00:00:00 ; elapsed = 00:00:00 . Memory (MB): peak = 1240.305 ; gain = 0.000
INFO: [Project 1-111] Unisim Transformation Summary:
No Unisim elements were transformed.

Constraint Validation Runtime : Time (s): cpu = 00:00:00 ; elapsed = 00:00:00.050 . Memory (MB): peak = 1240.602 ; gain = 0.297
INFO: [Designutils 20-5008] Incremental synthesis strategy off
---------------------------------------------------------------------------------
Finished Constraint Validation : Time (s): cpu = 00:00:43 ; elapsed = 00:00:47 . Memory (MB): peak = 1240.602 ; gain = 626.914
---------------------------------------------------------------------------------
---------------------------------------------------------------------------------
Start Loading Part and Timing Information
---------------------------------------------------------------------------------
Loading part: xc7z020clg400-1
---------------------------------------------------------------------------------
Finished Loading Part and Timing Information : Time (s): cpu = 00:00:43 ; elapsed = 00:00:47 . Memory (MB): peak = 1240.602 ; gain = 626.914
---------------------------------------------------------------------------------
---------------------------------------------------------------------------------
Start Applying 'set_property' XDC Constraints
---------------------------------------------------------------------------------
---------------------------------------------------------------------------------
Finished applying 'set_property' XDC Constraints : Time (s): cpu = 00:00:43 ; elapsed = 00:00:47 . Memory (MB): peak = 1240.602 ; gain = 626.914
---------------------------------------------------------------------------------
---------------------------------------------------------------------------------
Finished RTL Optimization Phase 2 : Time (s): cpu = 00:00:43 ; elapsed = 00:00:47 . Memory (MB): peak = 1240.602 ; gain = 626.914
---------------------------------------------------------------------------------
---------------------------------------------------------------------------------
Start RTL Component Statistics 
---------------------------------------------------------------------------------
Detailed RTL Component Info : 
+---Registers : 
	               16 Bit    Registers := 1     
---------------------------------------------------------------------------------
Finished RTL Component Statistics 
---------------------------------------------------------------------------------
---------------------------------------------------------------------------------
Start Part Resource Summary
---------------------------------------------------------------------------------
Part Resources:
DSPs: 220 (col length:60)
BRAMs: 280 (col length: RAMB18 60 RAMB36 30)
---------------------------------------------------------------------------------
Finished Part Resource Summary
---------------------------------------------------------------------------------
---------------------------------------------------------------------------------
Start Cross Boundary and Area Optimization
---------------------------------------------------------------------------------
WARNING: [Synth 8-7080] Parallel synthesis criteria is not met
---------------------------------------------------------------------------------
Finished Cross Boundary and Area Optimization : Time (s): cpu = 00:00:48 ; elapsed = 00:00:53 . Memory (MB): peak = 1240.602 ; gain = 626.914
---------------------------------------------------------------------------------
---------------------------------------------------------------------------------
Start Applying XDC Timing Constraints
---------------------------------------------------------------------------------
---------------------------------------------------------------------------------
Finished Applying XDC Timing Constraints : Time (s): cpu = 00:01:06 ; elapsed = 00:01:10 . Memory (MB): peak = 1358.297 ; gain = 744.609
---------------------------------------------------------------------------------
---------------------------------------------------------------------------------
Start Timing Optimization
---------------------------------------------------------------------------------
---------------------------------------------------------------------------------
Finished Timing Optimization : Time (s): cpu = 00:01:06 ; elapsed = 00:01:10 . Memory (MB): peak = 1358.297 ; gain = 744.609
---------------------------------------------------------------------------------
---------------------------------------------------------------------------------
Start Technology Mapping
---------------------------------------------------------------------------------
---------------------------------------------------------------------------------
Finished Technology Mapping : Time (s): cpu = 00:01:06 ; elapsed = 00:01:10 . Memory (MB): peak = 1367.852 ; gain = 754.164
---------------------------------------------------------------------------------
---------------------------------------------------------------------------------
Start IO Insertion
---------------------------------------------------------------------------------
---------------------------------------------------------------------------------
Start Flattening Before IO Insertion
---------------------------------------------------------------------------------
---------------------------------------------------------------------------------
Finished Flattening Before IO Insertion
---------------------------------------------------------------------------------
---------------------------------------------------------------------------------
Start Final Netlist Cleanup
---------------------------------------------------------------------------------
---------------------------------------------------------------------------------
Finished Final Netlist Cleanup
---------------------------------------------------------------------------------
CRITICAL WARNING: [Synth 8-5799] Converted tricell instance 'insti_0' to logic
CRITICAL WARNING: [Synth 8-5799] Converted tricell instance 'insti_1' to logic
CRITICAL WARNING: [Synth 8-5799] Converted tricell instance 'insti_2' to logic
CRITICAL WARNING: [Synth 8-5799] Converted tricell instance 'insti_3' to logic
CRITICAL WARNING: [Synth 8-5799] Converted tricell instance 'insti_4' to logic
CRITICAL WARNING: [Synth 8-5799] Converted tricell instance 'insti_5' to logic
CRITICAL WARNING: [Synth 8-5799] Converted tricell instance 'insti_6' to logic
CRITICAL WARNING: [Synth 8-5799] Converted tricell instance 'insti_7' to logic
CRITICAL WARNING: [Synth 8-5799] Converted tricell instance 'insti_8' to logic
CRITICAL WARNING: [Synth 8-5799] Converted tricell instance 'insti_9' to logic
CRITICAL WARNING: [Synth 8-5799] Converted tricell instance 'insti_10' to logic
CRITICAL WARNING: [Synth 8-5799] Converted tricell instance 'insti_11' to logic
CRITICAL WARNING: [Synth 8-5799] Converted tricell instance 'insti_12' to logic
CRITICAL WARNING: [Synth 8-5799] Converted tricell instance 'insti_13' to logic
CRITICAL WARNING: [Synth 8-5799] Converted tricell instance 'insti_14' to logic
CRITICAL WARNING: [Synth 8-5799] Converted tricell instance 'insti_15' to logic
---------------------------------------------------------------------------------
Finished IO Insertion : Time (s): cpu = 00:01:20 ; elapsed = 00:01:25 . Memory (MB): peak = 1584.730 ; gain = 971.043
---------------------------------------------------------------------------------
---------------------------------------------------------------------------------
Start Renaming Generated Instances
---------------------------------------------------------------------------------
---------------------------------------------------------------------------------
Finished Renaming Generated Instances : Time (s): cpu = 00:01:20 ; elapsed = 00:01:25 . Memory (MB): peak = 1584.730 ; gain = 971.043
---------------------------------------------------------------------------------
---------------------------------------------------------------------------------
Start Rebuilding User Hierarchy
---------------------------------------------------------------------------------
---------------------------------------------------------------------------------
Finished Rebuilding User Hierarchy : Time (s): cpu = 00:01:20 ; elapsed = 00:01:25 . Memory (MB): peak = 1584.730 ; gain = 971.043
---------------------------------------------------------------------------------
---------------------------------------------------------------------------------
Start Renaming Generated Ports
---------------------------------------------------------------------------------
---------------------------------------------------------------------------------
Finished Renaming Generated Ports : Time (s): cpu = 00:01:20 ; elapsed = 00:01:25 . Memory (MB): peak = 1584.730 ; gain = 971.043
---------------------------------------------------------------------------------
---------------------------------------------------------------------------------
Start Handling Custom Attributes
---------------------------------------------------------------------------------
---------------------------------------------------------------------------------
Finished Handling Custom Attributes : Time (s): cpu = 00:01:20 ; elapsed = 00:01:25 . Memory (MB): peak = 1584.730 ; gain = 971.043
---------------------------------------------------------------------------------
---------------------------------------------------------------------------------
Start Renaming Generated Nets
---------------------------------------------------------------------------------
---------------------------------------------------------------------------------
Finished Renaming Generated Nets : Time (s): cpu = 00:01:20 ; elapsed = 00:01:25 . Memory (MB): peak = 1584.730 ; gain = 971.043
---------------------------------------------------------------------------------
---------------------------------------------------------------------------------
Start Writing Synthesis Report
---------------------------------------------------------------------------------

Report BlackBoxes: 
+-+--------------+----------+
| |BlackBox name |Instances |
+-+--------------+----------+
+-+--------------+----------+

Report Cell Usage: 
+------+-----+------+
|      |Cell |Count |
+------+-----+------+
|1     |LUT1 |     1|
|2     |LUT2 |    16|
|3     |FDCE |    16|
+------+-----+------+
---------------------------------------------------------------------------------
Finished Writing Synthesis Report : Time (s): cpu = 00:01:20 ; elapsed = 00:01:25 . Memory (MB): peak = 1584.730 ; gain = 971.043
---------------------------------------------------------------------------------
Synthesis finished with 0 errors, 16 critical warnings and 1 warnings.
Synthesis Optimization Runtime : Time (s): cpu = 00:00:54 ; elapsed = 00:01:21 . Memory (MB): peak = 1584.730 ; gain = 921.547
Synthesis Optimization Complete : Time (s): cpu = 00:01:20 ; elapsed = 00:01:26 . Memory (MB): peak = 1584.730 ; gain = 971.043
INFO: [Project 1-571] Translating synthesized netlist
Netlist sorting complete. Time (s): cpu = 00:00:00 ; elapsed = 00:00:00.001 . Memory (MB): peak = 1584.730 ; gain = 0.000
INFO: [Project 1-570] Preparing netlist for logic optimization
INFO: [Opt 31-138] Pushed 0 inverter(s) to 0 load pin(s).
Netlist sorting complete. Time (s): cpu = 00:00:00 ; elapsed = 00:00:00 . Memory (MB): peak = 1584.730 ; gain = 0.000
INFO: [Project 1-111] Unisim Transformation Summary:
No Unisim elements were transformed.

Synth Design complete | Checksum: bd97971f
INFO: [Common 17-83] Releasing license: Synthesis
20 Infos, 1 Warnings, 16 Critical Warnings and 0 Errors encountered.
synth_design completed successfully
synth_design: Time (s): cpu = 00:01:32 ; elapsed = 00:01:49 . Memory (MB): peak = 1584.730 ; gain = 1198.613
INFO: [runtcl-6] Synthesis results are not added to the cache due to CRITICAL_WARNING
Write ShapeDB Complete: Time (s): cpu = 00:00:00 ; elapsed = 00:00:00.002 . Memory (MB): peak = 1584.730 ; gain = 0.000
INFO: [Common 17-1381] The checkpoint 'D:/coding/computer_organization/exp2nd/micro/project_1/project_1.runs/design_1_register_16bit_6_0_synth_1/design_1_register_16bit_6_0.dcp' has been generated.
INFO: [Vivado 12-24828] Executing command : report_utilization -file design_1_register_16bit_6_0_utilization_synth.rpt -pb design_1_register_16bit_6_0_utilization_synth.pb
INFO: [Common 17-206] Exiting Vivado at Wed Nov 26 18:27:39 2025...
